src/app/calendrier/layout.tsx(4,133): error TS1005: ',' expected.
src/app/calendrier/layout.tsx(4,143): error TS1005: ',' expected.
src/app/calendrier/layout.tsx(4,144): error TS1134: Variable declaration expected.
src/app/calendrier/layout.tsx(4,145): error TS1134: Variable declaration expected.
src/app/calendrier/layout.tsx(4,147): error TS1002: Unterminated string literal.
src/app/outils/credits-impot/layout.tsx(3,53): error TS1005: ',' expected.
src/app/outils/credits-impot/layout.tsx(3,59): error TS1005: ',' expected.
src/app/outils/credits-impot/layout.tsx(3,69): error TS1005: ';' expected.
src/app/outils/credits-impot/layout.tsx(3,71): error TS1002: Unterminated string literal.
src/app/outils/credits-impot/layout.tsx(4,46): error TS1005: ',' expected.
src/app/outils/credits-impot/layout.tsx(4,52): error TS1005: ',' expected.
src/app/outils/credits-impot/layout.tsx(4,59): error TS1005: ')' expected.
src/app/outils/credits-impot/layout.tsx(4,60): error TS1127: Invalid character.
src/app/outils/credits-impot/layout.tsx(4,61): error TS1127: Invalid character.
